******************************************************************************
                  TI ARM Linker PC v20.2.7                     
******************************************************************************
>> Linked Fri Apr  7 16:06:20 2023

OUTPUT FILE NAME:   <FreeRTOS-base.out>
ENTRY POINT SYMBOL: "_c_int00_noargs"  address: 000052b1


MEMORY CONFIGURATION

         name            origin    length      used     unused   attr    fill
----------------------  --------  ---------  --------  --------  ----  --------
  MAIN                  00000000   00040000  00005360  0003aca0  R  X
  INFO                  00200000   00004000  00000000  00004000  R  X
  SRAM_CODE             01000000   00010000  000083e4  00007c1c  RW X
  SRAM_DATA             20000000   00010000  000083e4  00007c1c  RW  


SEGMENT ALLOCATION MAP

run origin  load origin   length   init length attrs members
----------  ----------- ---------- ----------- ----- -------
00000000    00000000    00005360   00005360    r-x
  00000000    00000000    000000e4   000000e4    r-- .intvecs
  000000e4    000000e4    00005230   00005230    r-x .text
  00005314    00005314    0000000c   0000000c    r-- .const
  00005320    00005320    00000040   00000040    r-- .cinit
20000000    20000000    000081e4   00000000    rw-
  20000000    20000000    0000816c   00000000    rw- .bss
  2000816c    2000816c    00000078   00000000    rw- .data
2000fe00    2000fe00    00000200   00000000    rw-
  2000fe00    2000fe00    00000200   00000000    rw- .stack


SECTION ALLOCATION MAP

 output                                  attributes/
section   page    origin      length       input sections
--------  ----  ----------  ----------   ----------------
.intvecs   0    00000000    000000e4     
                  00000000    000000e4     startup_msp432p401r_ccs.obj (.intvecs:retain)

.text      0    000000e4    00005230     
                  000000e4    00002840     tasks.obj (.text)
                  00002924    00001136     queue.obj (.text)
                  00003a5a    00000002     --HOLE-- [fill = 0]
                  00003a5c    00000730     timers.obj (.text)
                  0000418c    00000460     heap_4.obj (.text)
                  000045ec    00000440     port.obj (.text)
                  00004a2c    00000354     system_msp432p401r.obj (.text)
                  00004d80    00000168     main.obj (.text)
                  00004ee8    0000012a     list.obj (.text)
                  00005012    00000002     --HOLE-- [fill = 0]
                  00005014    000000da     portasm.obj (.text)
                  000050ee    0000009c     rtsv7M4_T_le_v4SPD16_eabi.lib : memcpy_t2.asm.obj (.text)
                  0000518a    0000007a                                   : memset_t2.asm.obj (.text)
                  00005204    00000068                                   : copy_decompress_lzss.c.obj (.text:decompress:lzss:__TI_decompress_lzss)
                  0000526c    00000044                                   : autoinit.c.obj (.text:__TI_auto_init_nobinit_nopinit:__TI_auto_init_nobinit_nopinit)
                  000052b0    00000034                                   : boot_cortex_m.c.obj (.text:_c_int00_noargs:_c_int00_noargs)
                  000052e4    0000000e                                   : copy_decompress_none.c.obj (.text:decompress:none:__TI_decompress_none)
                  000052f2    0000000e     startup_msp432p401r_ccs.obj (.text)
                  00005300    0000000c     rtsv7M4_T_le_v4SPD16_eabi.lib : copy_zero_init.c.obj (.text:decompress:ZI:__TI_zero_init)
                  0000530c    00000004                                   : pre_init.c.obj (.text:_system_pre_init)
                  00005310    00000004                                   : exit.c.obj (.text:abort:abort)

.const     0    00005314    0000000c     
                  00005314    00000008     port.obj (.const)
                  0000531c    00000004     tasks.obj (.const)

.cinit     0    00005320    00000040     
                  00005320    00000017     (.cinit..data.load) [load image, compression = lzss]
                  00005337    00000001     --HOLE-- [fill = 0]
                  00005338    0000000c     (__TI_handler_table)
                  00005344    00000004     --HOLE-- [fill = 0]
                  00005348    00000008     (.cinit..bss.load) [load image, compression = zero_init]
                  00005350    00000010     (__TI_cinit_table)

.init_array 
*          0    00000000    00000000     UNINITIALIZED

.binit     0    00000000    00000000     

.bss       0    20000000    0000816c     UNINITIALIZED
                  20000000    00008000     heap_4.obj (.bss:ucHeap)
                  20008000    000000c8     tasks.obj (.bss:pxReadyTasksLists)
                  200080c8    00000014     timers.obj (.bss:xActiveTimerList1)
                  200080dc    00000014     timers.obj (.bss:xActiveTimerList2)
                  200080f0    00000014     tasks.obj (.bss:xDelayedTaskList1)
                  20008104    00000014     tasks.obj (.bss:xDelayedTaskList2)
                  20008118    00000014     tasks.obj (.bss:xPendingReadyList)
                  2000812c    00000014     tasks.obj (.bss:xSuspendedTaskList)
                  20008140    00000014     tasks.obj (.bss:xTasksWaitingTermination)
                  20008154    00000008     tasks.obj (.bss)
                  2000815c    00000008     timers.obj (.bss)
                  20008164    00000008     heap_4.obj (.bss:xStart)

.data      0    2000816c    00000078     UNINITIALIZED
                  2000816c    00000034     tasks.obj (.data)
                  200081a0    00000018     port.obj (.data)
                  200081b8    00000014     heap_4.obj (.data)
                  200081cc    0000000c     timers.obj (.data)
                  200081d8    00000008     main.obj (.data)
                  200081e0    00000004     system_msp432p401r.obj (.data)

.stack     0    2000fe00    00000200     UNINITIALIZED
                  2000fe00    00000004     rtsv7M4_T_le_v4SPD16_eabi.lib : boot_cortex_m.c.obj (.stack)
                  2000fe04    000001fc     --HOLE--

__llvm_prf_cnts 
*          0    20000000    00000000     UNINITIALIZED

MODULE SUMMARY

       Module                        code    ro data   rw data
       ------                        ----    -------   -------
    .\
       system_msp432p401r.obj        852     0         8      
       main.obj                      360     0         16     
       startup_msp432p401r_ccs.obj   14      228       0      
    +--+-----------------------------+-------+---------+---------+
       Total:                        1226    228       24     
                                                              
    .\FreeRTOS\
       heap_4.obj                    1120    0         65592  
       tasks.obj                     10304   4         720    
       queue.obj                     4406    0         0      
       timers.obj                    1840    0         120    
       list.obj                      298     0         0      
    +--+-----------------------------+-------+---------+---------+
       Total:                        17968   4         66432  
                                                              
    .\FreeRTOS\portable\
       port.obj                      1088    8         48     
       portasm.obj                   218     0         0      
    +--+-----------------------------+-------+---------+---------+
       Total:                        1306    8         48     
                                                              
    C:\ti\ccs\ccs\tools\compiler\ti-cgt-arm_20.2.7.LTS\lib\rtsv7M4_T_le_v4SPD16_eabi.lib
       memcpy_t2.asm.obj             156     0         0      
       memset_t2.asm.obj             122     0         0      
       copy_decompress_lzss.c.obj    104     0         0      
       autoinit.c.obj                68      0         0      
       boot_cortex_m.c.obj           52      0         0      
       copy_decompress_none.c.obj    14      0         0      
       copy_zero_init.c.obj          12      0         0      
       exit.c.obj                    4       0         0      
       pre_init.c.obj                4       0         0      
    +--+-----------------------------+-------+---------+---------+
       Total:                        536     0         0      
                                                              
       Stack:                        0       0         1024   
       Linker Generated:             0       59        0      
    +--+-----------------------------+-------+---------+---------+
       Grand Total:                  21036   299       67528  


LINKER GENERATED COPY TABLES

__TI_cinit_table @ 00005350 records: 2, size/record: 8, table size: 16
	.data: load addr=00005320, load size=00000017 bytes, run addr=2000816c, run size=00000078 bytes, compression=lzss
	.bss: load addr=00005348, load size=00000008 bytes, run addr=20000000, run size=0000816c bytes, compression=zero_init


LINKER GENERATED HANDLER TABLE

__TI_handler_table @ 00005338 records: 3, size/record: 4, table size: 12
	index: 0, handler: __TI_decompress_lzss
	index: 1, handler: __TI_decompress_none
	index: 2, handler: __TI_zero_init


GLOBAL SYMBOLS: SORTED ALPHABETICALLY BY Name 

address   name                               
-------   ----                               
000052ff  ADC14_IRQHandler                   
000052ff  AES256_IRQHandler                  
000052ff  BusFault_Handler                   
00005311  C$$EXIT                            
000052ff  COMP_E0_IRQHandler                 
000052ff  COMP_E1_IRQHandler                 
000052ff  CS_IRQHandler                      
000052ff  DMA_ERR_IRQHandler                 
000052ff  DMA_INT0_IRQHandler                
000052ff  DMA_INT1_IRQHandler                
000052ff  DMA_INT2_IRQHandler                
000052ff  DMA_INT3_IRQHandler                
000052ff  DebugMon_Handler                   
000052ff  Default_Handler                    
000052ff  EUSCIA0_IRQHandler                 
000052ff  EUSCIA1_IRQHandler                 
000052ff  EUSCIA2_IRQHandler                 
000052ff  EUSCIA3_IRQHandler                 
000052ff  EUSCIB0_IRQHandler                 
000052ff  EUSCIB1_IRQHandler                 
000052ff  EUSCIB2_IRQHandler                 
000052ff  EUSCIB3_IRQHandler                 
000052ff  FLCTL_IRQHandler                   
000052ff  FPU_IRQHandler                     
000052ff  HardFault_Handler                  
000052ff  MemManage_Handler                  
000052ff  NMI_Handler                        
000052ff  PCM_IRQHandler                     
000052ff  PORT1_IRQHandler                   
000052ff  PORT2_IRQHandler                   
000052ff  PORT3_IRQHandler                   
000052ff  PORT4_IRQHandler                   
000052ff  PORT5_IRQHandler                   
000052ff  PORT6_IRQHandler                   
000052ff  PSS_IRQHandler                     
000052ff  PendSV_Handler                     
000052ff  RTC_C_IRQHandler                   
000052f3  Reset_Handler                      
000052ff  SVC_Handler                        
000052ff  SysTick_Handler                    
200081e0  SystemCoreClock                    
00004a2d  SystemCoreClockUpdate              
00004ca5  SystemInit                         
000052ff  T32_INT1_IRQHandler                
000052ff  T32_INT2_IRQHandler                
000052ff  T32_INTC_IRQHandler                
000052ff  TA0_0_IRQHandler                   
000052ff  TA0_N_IRQHandler                   
000052ff  TA1_0_IRQHandler                   
000052ff  TA1_N_IRQHandler                   
000052ff  TA2_0_IRQHandler                   
000052ff  TA2_N_IRQHandler                   
000052ff  TA3_0_IRQHandler                   
000052ff  TA3_N_IRQHandler                   
00004dad  Task_Blink_LED1                    
200081d8  Task_Blink_LED1_Handle             
00004dfd  Task_Blink_RGB_BLUE                
200081dc  Task_Blink_RGB_BLUE_Handle         
000052ff  UsageFault_Handler                 
4000480c  WDTCTL_SYM                         
000052ff  WDT_A_IRQHandler                   
20010000  __STACK_END                        
00000200  __STACK_SIZE                       
00005350  __TI_CINIT_Base                    
00005360  __TI_CINIT_Limit                   
00005338  __TI_Handler_Table_Base            
00005344  __TI_Handler_Table_Limit           
0000526d  __TI_auto_init_nobinit_nopinit     
00005205  __TI_decompress_lzss               
000052e5  __TI_decompress_none               
ffffffff  __TI_pprof_out_hndl                
ffffffff  __TI_prof_data_size                
ffffffff  __TI_prof_data_start               
00000000  __TI_static_base__                 
00005301  __TI_zero_init                     
0000518b  __aeabi_memclr                     
0000518b  __aeabi_memclr4                    
0000518b  __aeabi_memclr8                    
000050ef  __aeabi_memcpy                     
000050ef  __aeabi_memcpy4                    
000050ef  __aeabi_memcpy8                    
0000518d  __aeabi_memset                     
0000518d  __aeabi_memset4                    
0000518d  __aeabi_memset8                    
ffffffff  __binit__                          
ffffffff  __c_args__                         
UNDEFED   __mpu_init                         
2000fe00  __stack                            
20000000  __start___llvm_prf_cnts            
20000000  __stop___llvm_prf_cnts             
000052b1  _c_int00_noargs                    
UNDEFED   _system_post_cinit                 
0000530d  _system_pre_init                   
00005311  abort                              
ffffffff  binit                              
00004d81  blink_led1_hw_init                 
00004d97  blink_rgb_blue_hw_init             
0000188b  eTaskConfirmSleepModeStatus        
00000571  eTaskGetState                      
00000000  interruptVectors                   
00004e4d  main                               
000050ef  memcpy                             
00005193  memset                             
00000d65  pcTaskGetName                      
00003cc5  pcTimerGetName                     
00004393  pvPortCalloc                       
0000418d  pvPortMalloc                       
00001931  pvTaskGetThreadLocalStoragePointer 
00001fd1  pvTaskIncrementMutexHeldCount      
000040fd  pvTimerGetTimerID                  
2000816c  pxCurrentTCB                       
000045ed  pxPortInitialiseStack              
00003771  ucQueueGetQueueType                
00005314  ulMaxSyscallInterruptPriority      
00005025  ulPortGetIPSR                      
00001fe9  ulTaskGenericNotifyTake            
000027e5  ulTaskGenericNotifyValueClear      
00004fcb  uxListRemove                       
00003751  uxQueueGetQueueNumber              
000036a5  uxQueueMessagesWaiting             
00003703  uxQueueMessagesWaitingFromISR      
000036cf  uxQueueSpacesAvailable             
00000d57  uxTaskGetNumberOfTasks             
00000da9  uxTaskGetSystemState               
000017f1  uxTaskGetTaskNumber                
0000064d  uxTaskPriorityGet                  
00000675  uxTaskPriorityGetFromISR           
00001faf  uxTaskResetEventItemValue          
00003c89  uxTimerGetReloadMode               
00004159  uxTimerGetTimerNumber              
0000531c  uxTopUsedPriority                  
00004e91  vApplicationMallocFailedHook       
00004e93  vApplicationStackOverflowHook      
00004ee9  vListInitialise                    
00004f19  vListInitialiseItem                
00004f65  vListInsert                        
00004f29  vListInsertEnd                     
000050e1  vPortEnableVFP                     
00004731  vPortEndScheduler                  
00004755  vPortEnterCritical                 
00004797  vPortExitCritical                  
000042e9  vPortFree                          
00004525  vPortGetHeapStats                  
00004391  vPortInitialiseBlocks              
0000509d  vPortSVCHandler                    
00004959  vPortSetupTimerInterrupt           
000050bd  vPortStartFirstTask                
000047f1  vPortSuppressTicksAndSleep         
0000499d  vPortValidateInterruptPriority     
0000372d  vQueueDelete                       
0000375f  vQueueSetQueueNumber               
000039ff  vQueueWaitForMessageRestricted     
00000511  vTaskDelay                         
0000034d  vTaskDelete                        
00000af1  vTaskEndScheduler                  
000025cd  vTaskGenericNotifyGiveFromISR      
00001a0d  vTaskGetInfo                       
00001713  vTaskInternalSetTimeOutState       
000017e5  vTaskMissedYield                   
000012df  vTaskPlaceOnEventList              
000013bd  vTaskPlaceOnEventListRestricted    
0000131d  vTaskPlaceOnUnorderedEventList     
00001e65  vTaskPriorityDisinheritAfterTimeout
000006b9  vTaskPrioritySet                   
000015a1  vTaskRemoveFromUnorderedEventList  
00000995  vTaskResume                        
00001159  vTaskSetApplicationTaskTag         
00001815  vTaskSetTaskNumber                 
000018df  vTaskSetThreadLocalStoragePointer  
000016e1  vTaskSetTimeOutState               
00000a79  vTaskStartScheduler                
00000e85  vTaskStepTick                      
00000839  vTaskSuspend                       
00000b0d  vTaskSuspendAll                    
00001219  vTaskSwitchContext                 
00003c03  vTimerSetReloadMode                
0000412b  vTimerSetTimerID                   
00004167  vTimerSetTimerNumber               
00004385  xPortGetFreeHeapSize               
0000438b  xPortGetMinimumEverFreeHeapSize    
0000503d  xPortPendSVHandler                 
00004679  xPortStartScheduler                
000047c3  xPortSysTickHandler                
00002be9  xQueueCreateCountingSemaphore      
00002b15  xQueueCreateMutex                  
00002a25  xQueueGenericCreate                
00002925  xQueueGenericReset                 
00002c35  xQueueGenericSend                  
00002de9  xQueueGenericSendFromISR           
00002f25  xQueueGiveFromISR                  
00002b41  xQueueGiveMutexRecursive           
0000396b  xQueueIsQueueEmptyFromISR          
000039c5  xQueueIsQueueFullFromISR           
00003371  xQueuePeek                         
000035f5  xQueuePeekFromISR                  
00003043  xQueueReceive                      
000034ef  xQueueReceiveFromISR               
000031bb  xQueueSemaphoreTake                
00002b91  xQueueTakeMutexRecursive           
000011dd  xTaskCallApplicationTaskHook       
00000f11  xTaskCatchUpTicks                  
00001739  xTaskCheckForTimeOut               
000000e5  xTaskCreate                        
00000421  xTaskDelayUntil                    
00002189  xTaskGenericNotify                 
00002379  xTaskGenericNotifyFromISR          
0000277d  xTaskGenericNotifyStateClear       
000020a1  xTaskGenericNotifyWait             
0000117f  xTaskGetApplicationTaskTag         
000011a3  xTaskGetApplicationTaskTagFromISR  
00001be9  xTaskGetCurrentTaskHandle          
00001bf9  xTaskGetSchedulerState             
00000d2d  xTaskGetTickCount                  
00000d43  xTaskGetTickCountFromISR           
00000f6d  xTaskIncrementTick                 
00001d4f  xTaskPriorityDisinherit            
00001c41  xTaskPriorityInherit               
00001431  xTaskRemoveFromEventList           
00000b79  xTaskResumeAll                     
00003a9d  xTimerCreate                       
00003a5d  xTimerCreateTimerTask              
00003b3b  xTimerGenericCommand               
00003c95  xTimerGetExpiryTime                
00003bdd  xTimerGetPeriod                    
00003c4d  xTimerGetReloadMode                
00003bbb  xTimerGetTimerDaemonTaskHandle     
000040bd  xTimerIsTimerActive                


GLOBAL SYMBOLS: SORTED BY Symbol Address 

address   name                               
-------   ----                               
00000000  __TI_static_base__                 
00000000  interruptVectors                   
000000e5  xTaskCreate                        
00000200  __STACK_SIZE                       
0000034d  vTaskDelete                        
00000421  xTaskDelayUntil                    
00000511  vTaskDelay                         
00000571  eTaskGetState                      
0000064d  uxTaskPriorityGet                  
00000675  uxTaskPriorityGetFromISR           
000006b9  vTaskPrioritySet                   
00000839  vTaskSuspend                       
00000995  vTaskResume                        
00000a79  vTaskStartScheduler                
00000af1  vTaskEndScheduler                  
00000b0d  vTaskSuspendAll                    
00000b79  xTaskResumeAll                     
00000d2d  xTaskGetTickCount                  
00000d43  xTaskGetTickCountFromISR           
00000d57  uxTaskGetNumberOfTasks             
00000d65  pcTaskGetName                      
00000da9  uxTaskGetSystemState               
00000e85  vTaskStepTick                      
00000f11  xTaskCatchUpTicks                  
00000f6d  xTaskIncrementTick                 
00001159  vTaskSetApplicationTaskTag         
0000117f  xTaskGetApplicationTaskTag         
000011a3  xTaskGetApplicationTaskTagFromISR  
000011dd  xTaskCallApplicationTaskHook       
00001219  vTaskSwitchContext                 
000012df  vTaskPlaceOnEventList              
0000131d  vTaskPlaceOnUnorderedEventList     
000013bd  vTaskPlaceOnEventListRestricted    
00001431  xTaskRemoveFromEventList           
000015a1  vTaskRemoveFromUnorderedEventList  
000016e1  vTaskSetTimeOutState               
00001713  vTaskInternalSetTimeOutState       
00001739  xTaskCheckForTimeOut               
000017e5  vTaskMissedYield                   
000017f1  uxTaskGetTaskNumber                
00001815  vTaskSetTaskNumber                 
0000188b  eTaskConfirmSleepModeStatus        
000018df  vTaskSetThreadLocalStoragePointer  
00001931  pvTaskGetThreadLocalStoragePointer 
00001a0d  vTaskGetInfo                       
00001be9  xTaskGetCurrentTaskHandle          
00001bf9  xTaskGetSchedulerState             
00001c41  xTaskPriorityInherit               
00001d4f  xTaskPriorityDisinherit            
00001e65  vTaskPriorityDisinheritAfterTimeout
00001faf  uxTaskResetEventItemValue          
00001fd1  pvTaskIncrementMutexHeldCount      
00001fe9  ulTaskGenericNotifyTake            
000020a1  xTaskGenericNotifyWait             
00002189  xTaskGenericNotify                 
00002379  xTaskGenericNotifyFromISR          
000025cd  vTaskGenericNotifyGiveFromISR      
0000277d  xTaskGenericNotifyStateClear       
000027e5  ulTaskGenericNotifyValueClear      
00002925  xQueueGenericReset                 
00002a25  xQueueGenericCreate                
00002b15  xQueueCreateMutex                  
00002b41  xQueueGiveMutexRecursive           
00002b91  xQueueTakeMutexRecursive           
00002be9  xQueueCreateCountingSemaphore      
00002c35  xQueueGenericSend                  
00002de9  xQueueGenericSendFromISR           
00002f25  xQueueGiveFromISR                  
00003043  xQueueReceive                      
000031bb  xQueueSemaphoreTake                
00003371  xQueuePeek                         
000034ef  xQueueReceiveFromISR               
000035f5  xQueuePeekFromISR                  
000036a5  uxQueueMessagesWaiting             
000036cf  uxQueueSpacesAvailable             
00003703  uxQueueMessagesWaitingFromISR      
0000372d  vQueueDelete                       
00003751  uxQueueGetQueueNumber              
0000375f  vQueueSetQueueNumber               
00003771  ucQueueGetQueueType                
0000396b  xQueueIsQueueEmptyFromISR          
000039c5  xQueueIsQueueFullFromISR           
000039ff  vQueueWaitForMessageRestricted     
00003a5d  xTimerCreateTimerTask              
00003a9d  xTimerCreate                       
00003b3b  xTimerGenericCommand               
00003bbb  xTimerGetTimerDaemonTaskHandle     
00003bdd  xTimerGetPeriod                    
00003c03  vTimerSetReloadMode                
00003c4d  xTimerGetReloadMode                
00003c89  uxTimerGetReloadMode               
00003c95  xTimerGetExpiryTime                
00003cc5  pcTimerGetName                     
000040bd  xTimerIsTimerActive                
000040fd  pvTimerGetTimerID                  
0000412b  vTimerSetTimerID                   
00004159  uxTimerGetTimerNumber              
00004167  vTimerSetTimerNumber               
0000418d  pvPortMalloc                       
000042e9  vPortFree                          
00004385  xPortGetFreeHeapSize               
0000438b  xPortGetMinimumEverFreeHeapSize    
00004391  vPortInitialiseBlocks              
00004393  pvPortCalloc                       
00004525  vPortGetHeapStats                  
000045ed  pxPortInitialiseStack              
00004679  xPortStartScheduler                
00004731  vPortEndScheduler                  
00004755  vPortEnterCritical                 
00004797  vPortExitCritical                  
000047c3  xPortSysTickHandler                
000047f1  vPortSuppressTicksAndSleep         
00004959  vPortSetupTimerInterrupt           
0000499d  vPortValidateInterruptPriority     
00004a2d  SystemCoreClockUpdate              
00004ca5  SystemInit                         
00004d81  blink_led1_hw_init                 
00004d97  blink_rgb_blue_hw_init             
00004dad  Task_Blink_LED1                    
00004dfd  Task_Blink_RGB_BLUE                
00004e4d  main                               
00004e91  vApplicationMallocFailedHook       
00004e93  vApplicationStackOverflowHook      
00004ee9  vListInitialise                    
00004f19  vListInitialiseItem                
00004f29  vListInsertEnd                     
00004f65  vListInsert                        
00004fcb  uxListRemove                       
00005025  ulPortGetIPSR                      
0000503d  xPortPendSVHandler                 
0000509d  vPortSVCHandler                    
000050bd  vPortStartFirstTask                
000050e1  vPortEnableVFP                     
000050ef  __aeabi_memcpy                     
000050ef  __aeabi_memcpy4                    
000050ef  __aeabi_memcpy8                    
000050ef  memcpy                             
0000518b  __aeabi_memclr                     
0000518b  __aeabi_memclr4                    
0000518b  __aeabi_memclr8                    
0000518d  __aeabi_memset                     
0000518d  __aeabi_memset4                    
0000518d  __aeabi_memset8                    
00005193  memset                             
00005205  __TI_decompress_lzss               
0000526d  __TI_auto_init_nobinit_nopinit     
000052b1  _c_int00_noargs                    
000052e5  __TI_decompress_none               
000052f3  Reset_Handler                      
000052ff  ADC14_IRQHandler                   
000052ff  AES256_IRQHandler                  
000052ff  BusFault_Handler                   
000052ff  COMP_E0_IRQHandler                 
000052ff  COMP_E1_IRQHandler                 
000052ff  CS_IRQHandler                      
000052ff  DMA_ERR_IRQHandler                 
000052ff  DMA_INT0_IRQHandler                
000052ff  DMA_INT1_IRQHandler                
000052ff  DMA_INT2_IRQHandler                
000052ff  DMA_INT3_IRQHandler                
000052ff  DebugMon_Handler                   
000052ff  Default_Handler                    
000052ff  EUSCIA0_IRQHandler                 
000052ff  EUSCIA1_IRQHandler                 
000052ff  EUSCIA2_IRQHandler                 
000052ff  EUSCIA3_IRQHandler                 
000052ff  EUSCIB0_IRQHandler                 
000052ff  EUSCIB1_IRQHandler                 
000052ff  EUSCIB2_IRQHandler                 
000052ff  EUSCIB3_IRQHandler                 
000052ff  FLCTL_IRQHandler                   
000052ff  FPU_IRQHandler                     
000052ff  HardFault_Handler                  
000052ff  MemManage_Handler                  
000052ff  NMI_Handler                        
000052ff  PCM_IRQHandler                     
000052ff  PORT1_IRQHandler                   
000052ff  PORT2_IRQHandler                   
000052ff  PORT3_IRQHandler                   
000052ff  PORT4_IRQHandler                   
000052ff  PORT5_IRQHandler                   
000052ff  PORT6_IRQHandler                   
000052ff  PSS_IRQHandler                     
000052ff  PendSV_Handler                     
000052ff  RTC_C_IRQHandler                   
000052ff  SVC_Handler                        
000052ff  SysTick_Handler                    
000052ff  T32_INT1_IRQHandler                
000052ff  T32_INT2_IRQHandler                
000052ff  T32_INTC_IRQHandler                
000052ff  TA0_0_IRQHandler                   
000052ff  TA0_N_IRQHandler                   
000052ff  TA1_0_IRQHandler                   
000052ff  TA1_N_IRQHandler                   
000052ff  TA2_0_IRQHandler                   
000052ff  TA2_N_IRQHandler                   
000052ff  TA3_0_IRQHandler                   
000052ff  TA3_N_IRQHandler                   
000052ff  UsageFault_Handler                 
000052ff  WDT_A_IRQHandler                   
00005301  __TI_zero_init                     
0000530d  _system_pre_init                   
00005311  C$$EXIT                            
00005311  abort                              
00005314  ulMaxSyscallInterruptPriority      
0000531c  uxTopUsedPriority                  
00005338  __TI_Handler_Table_Base            
00005344  __TI_Handler_Table_Limit           
00005350  __TI_CINIT_Base                    
00005360  __TI_CINIT_Limit                   
20000000  __start___llvm_prf_cnts            
20000000  __stop___llvm_prf_cnts             
2000816c  pxCurrentTCB                       
200081d8  Task_Blink_LED1_Handle             
200081dc  Task_Blink_RGB_BLUE_Handle         
200081e0  SystemCoreClock                    
2000fe00  __stack                            
20010000  __STACK_END                        
4000480c  WDTCTL_SYM                         
ffffffff  __TI_pprof_out_hndl                
ffffffff  __TI_prof_data_size                
ffffffff  __TI_prof_data_start               
ffffffff  __binit__                          
ffffffff  __c_args__                         
ffffffff  binit                              
UNDEFED   __mpu_init                         
UNDEFED   _system_post_cinit                 

[227 symbols]
